xpMap = {}
xpMap.event = {}

for i = 1, 30 do
    xpMap.event[i] = {}
end

xpMap.event[1][10] = 0
xpMap.event[1][11] = "u"
xpMap.event[1][12] = "u"
xpMap.event[1][13] = "u"
xpMap.event[1][14] = "u"
xpMap.event[1][15] = "u"
xpMap.event[1][16] = "u"
xpMap.event[1][17] = "u"
xpMap.event[1][18] = "u"
xpMap.event[1][19] = "u"
xpMap.event[1][20] = "u"
xpMap.event[1][21] = "u"
xpMap.event[1][22] = "u"
xpMap.event[1][23] = "u"
xpMap.event[1][24] = "u"
xpMap.event[1][25] = "u"
xpMap.event[1][26] = "u"
xpMap.event[1][27] = "u"
xpMap.event[1][28] = "u"
xpMap.event[1][29] = "u"
xpMap.event[1][30] = "u"
xpMap.event[1][31] = 0
xpMap.event[2][10] = 0
xpMap.event[2][31] = 0
xpMap.event[3][10] = 0
xpMap.event[3][31] = 0
xpMap.event[4][10] = 0
xpMap.event[4][31] = 0
xpMap.event[5][11] = 0
xpMap.event[5][12] = 0
xpMap.event[5][13] = 0
xpMap.event[5][14] = 0
xpMap.event[5][15] = 0
xpMap.event[5][16] = 0
xpMap.event[5][17] = 0
xpMap.event[5][18] = 0
xpMap.event[5][19] = 0
xpMap.event[5][20] = 0
xpMap.event[5][23] = 0
xpMap.event[5][24] = 0
xpMap.event[5][25] = 0
xpMap.event[5][26] = 0
xpMap.event[5][27] = 0
xpMap.event[5][28] = 0
xpMap.event[5][29] = 0
xpMap.event[5][30] = 0
xpMap.event[6][10] = 0
xpMap.event[6][11] = 2
xpMap.event[6][12] = 2
xpMap.event[6][13] = 2
xpMap.event[6][14] = 2
xpMap.event[6][15] = 2
xpMap.event[6][16] = 2
xpMap.event[6][17] = 2
xpMap.event[6][18] = 2
xpMap.event[6][19] = 2
xpMap.event[6][20] = 2
xpMap.event[6][23] = 2
xpMap.event[6][24] = 2
xpMap.event[6][25] = 2
xpMap.event[6][26] = 2
xpMap.event[6][27] = 2
xpMap.event[6][28] = 2
xpMap.event[6][29] = 2
xpMap.event[6][30] = 2
xpMap.event[6][31] = 0
xpMap.event[7][11] = 0
xpMap.event[7][12] = 0
xpMap.event[7][13] = 0
xpMap.event[7][14] = 0
xpMap.event[7][15] = 0
xpMap.event[7][16] = 0
xpMap.event[7][17] = 0
xpMap.event[7][18] = 0
xpMap.event[7][19] = 0
xpMap.event[7][20] = 0
xpMap.event[7][23] = 0
xpMap.event[7][24] = 0
xpMap.event[7][25] = 0
xpMap.event[7][26] = 0
xpMap.event[7][27] = 0
xpMap.event[7][28] = 0
xpMap.event[7][29] = 0
xpMap.event[7][30] = 0
xpMap.event[8][20] = 0
xpMap.event[8][23] = 0
xpMap.event[9][20] = 0
xpMap.event[9][23] = 0
xpMap.event[10][11] = 0
xpMap.event[10][12] = 0
xpMap.event[10][13] = 0
xpMap.event[10][14] = 0
xpMap.event[10][15] = 0
xpMap.event[10][16] = 0
xpMap.event[10][17] = 0
xpMap.event[10][18] = 0
xpMap.event[10][19] = 0
xpMap.event[10][20] = 0
xpMap.event[10][23] = 0
xpMap.event[10][24] = 0
xpMap.event[10][25] = 0
xpMap.event[10][26] = 0
xpMap.event[10][27] = 0
xpMap.event[10][28] = 0
xpMap.event[10][29] = 0
xpMap.event[10][30] = 0
xpMap.event[11][25] = 1
xpMap.event[11][26] = 1
xpMap.event[11][27] = 1
xpMap.event[11][15] = 1
xpMap.event[11][30] = 1
xpMap.event[11][16] = 1
xpMap.event[11][17] = 1
xpMap.event[11][10] = 0
xpMap.event[11][11] = 1
xpMap.event[11][31] = 0
xpMap.event[12][10] = 0
xpMap.event[12][11] = 1
xpMap.event[12][12] = 1
xpMap.event[12][13] = 1
xpMap.event[12][14] = 1
xpMap.event[12][15] = 1
xpMap.event[12][16] = 1
xpMap.event[12][17] = 1
xpMap.event[12][18] = 1
xpMap.event[12][19] = 1
xpMap.event[12][20] = 1
xpMap.event[12][23] = 1
xpMap.event[12][24] = 1
xpMap.event[12][25] = 1
xpMap.event[12][26] = 1
xpMap.event[12][27] = 1
xpMap.event[12][28] = 1
xpMap.event[12][29] = 1
xpMap.event[12][30] = 1
xpMap.event[12][31] = 0
xpMap.event[13][13] = 1
xpMap.event[13][31] = 0
xpMap.event[13][14] = 1
xpMap.event[13][12] = 1
xpMap.event[13][15] = 1
xpMap.event[13][30] = 1
xpMap.event[13][16] = 1
xpMap.event[13][17] = 1
xpMap.event[13][18] = 1
xpMap.event[13][10] = 0
xpMap.event[13][20] = 1
xpMap.event[13][11] = 1
xpMap.event[13][19] = 1
xpMap.event[13][23] = 1
xpMap.event[13][29] = 1
xpMap.event[14][13] = 1
xpMap.event[14][31] = 0
xpMap.event[14][14] = 1
xpMap.event[14][12] = 1
xpMap.event[14][15] = 1
xpMap.event[14][30] = 1
xpMap.event[14][16] = 1
xpMap.event[14][17] = 1
xpMap.event[14][18] = 1
xpMap.event[14][10] = 0
xpMap.event[14][20] = 1
xpMap.event[14][11] = 1
xpMap.event[14][19] = 1
xpMap.event[14][23] = 1
xpMap.event[14][29] = 1
xpMap.event[15][10] = 0
xpMap.event[15][11] = 1
xpMap.event[15][13] = 1
xpMap.event[15][14] = 0
xpMap.event[15][15] = 0
xpMap.event[15][16] = 0
xpMap.event[15][17] = 0
xpMap.event[15][18] = 0
xpMap.event[15][19] = 1
xpMap.event[15][23] = 1
xpMap.event[15][24] = 0
xpMap.event[15][25] = 0
xpMap.event[15][26] = 0
xpMap.event[15][27] = 0
xpMap.event[15][28] = 0
xpMap.event[15][30] = 1
xpMap.event[15][31] = 0
xpMap.event[16][24] = 0
xpMap.event[16][25] = 0
xpMap.event[16][14] = 0
xpMap.event[16][28] = 0
xpMap.event[16][15] = 0
xpMap.event[16][30] = 1
xpMap.event[16][31] = 0
xpMap.event[16][18] = 0
xpMap.event[16][10] = 0
xpMap.event[16][11] = 1
xpMap.event[16][13] = 1
xpMap.event[16][23] = 1
xpMap.event[16][19] = 1
xpMap.event[17][24] = 0
xpMap.event[17][13] = 0
xpMap.event[17][26] = 0
xpMap.event[17][14] = 0
xpMap.event[17][28] = 0
xpMap.event[17][15] = "a"
xpMap.event[17][30] = 1
xpMap.event[17][16] = 0
xpMap.event[17][17] = 0
xpMap.event[17][18] = 0
xpMap.event[17][10] = 0
xpMap.event[17][25] = "b"
xpMap.event[17][11] = 1
xpMap.event[17][27] = 0
xpMap.event[17][23] = 0
xpMap.event[17][31] = 0
xpMap.event[18][11] = 1
xpMap.event[18][31] = 0
xpMap.event[18][10] = 0
xpMap.event[18][30] = 1
xpMap.event[19][14] = 1
xpMap.event[19][15] = 1
xpMap.event[19][30] = 1
xpMap.event[19][16] = 1
xpMap.event[19][17] = 1
xpMap.event[19][18] = 1
xpMap.event[19][10] = 0
xpMap.event[19][11] = 1
xpMap.event[19][31] = 0
xpMap.event[20][14] = 0
xpMap.event[20][15] = 0
xpMap.event[20][30] = 1
xpMap.event[20][16] = 0
xpMap.event[20][17] = 0
xpMap.event[20][18] = 0
xpMap.event[20][10] = 0
xpMap.event[20][11] = 1
xpMap.event[20][31] = 0
xpMap.event[21][11] = 1
xpMap.event[21][31] = 0
xpMap.event[21][10] = 0
xpMap.event[21][30] = 1
xpMap.event[22][24] = 0
xpMap.event[22][25] = 0
xpMap.event[22][26] = 0
xpMap.event[22][14] = 1
xpMap.event[22][28] = 0
xpMap.event[22][30] = 1
xpMap.event[22][31] = 0
xpMap.event[22][10] = 0
xpMap.event[22][11] = 1
xpMap.event[22][22] = 0
xpMap.event[22][23] = 0
xpMap.event[22][27] = 0
xpMap.event[23][11] = 1
xpMap.event[23][31] = 0
xpMap.event[23][28] = 0
xpMap.event[23][10] = 0
xpMap.event[23][22] = 0
xpMap.event[23][14] = 0
xpMap.event[23][30] = 1
xpMap.event[23][25] = 0
xpMap.event[24][24] = 0
xpMap.event[24][25] = "c"
xpMap.event[24][26] = 0
xpMap.event[24][27] = 0
xpMap.event[24][28] = 0
xpMap.event[24][30] = 1
xpMap.event[24][31] = 0
xpMap.event[24][10] = 0
xpMap.event[24][11] = 1
xpMap.event[24][22] = 0
xpMap.event[24][23] = 0
xpMap.event[25][11] = 1
xpMap.event[25][31] = 0
xpMap.event[25][10] = 0
xpMap.event[25][30] = 1
xpMap.event[26][24] = 1
xpMap.event[26][25] = 1
xpMap.event[26][26] = 1
xpMap.event[26][27] = 1
xpMap.event[26][30] = 1
xpMap.event[26][31] = 0
xpMap.event[26][17] = "w"
xpMap.event[26][18] = "w"
xpMap.event[26][10] = 0
xpMap.event[26][19] = "w"
xpMap.event[26][11] = 1
xpMap.event[26][22] = 1
xpMap.event[26][23] = 1
xpMap.event[26][16] = "w"
xpMap.event[27][24] = 0
xpMap.event[27][25] = 0
xpMap.event[27][26] = 0
xpMap.event[27][14] = 1
xpMap.event[27][13] = 1
xpMap.event[27][30] = 1
xpMap.event[27][31] = 0
xpMap.event[27][12] = 1
xpMap.event[27][27] = 0
xpMap.event[27][10] = 0
xpMap.event[27][19] = "w"
xpMap.event[27][11] = 1
xpMap.event[27][22] = 0
xpMap.event[27][23] = 0
xpMap.event[27][16] = "w"
xpMap.event[28][13] = 1
xpMap.event[28][26] = 1
xpMap.event[28][14] = 1
xpMap.event[28][28] = 1
xpMap.event[28][29] = 1
xpMap.event[28][30] = 1
xpMap.event[28][16] = "w"
xpMap.event[28][31] = 0
xpMap.event[28][19] = "w"
xpMap.event[28][27] = 1
xpMap.event[28][11] = 1
xpMap.event[28][10] = 0
xpMap.event[28][12] = 1
xpMap.event[28][15] = 1
xpMap.event[29][11] = 0
xpMap.event[29][12] = 0
xpMap.event[29][13] = 0
xpMap.event[29][14] = 0
xpMap.event[29][15] = 1
xpMap.event[29][16] = "w"
xpMap.event[29][19] = "w"
xpMap.event[29][20] = 1
xpMap.event[29][21] = 1
xpMap.event[29][22] = 1
xpMap.event[29][23] = 1
xpMap.event[29][24] = 1
xpMap.event[29][25] = 1
xpMap.event[29][26] = 1
xpMap.event[29][27] = 0
xpMap.event[29][28] = 0
xpMap.event[29][29] = 0
xpMap.event[29][30] = 0
xpMap.event[30][20] = 0
xpMap.event[30][24] = 0
xpMap.event[30][15] = 0
xpMap.event[30][25] = 0
xpMap.event[30][22] = 0
xpMap.event[30][26] = 0
xpMap.event[30][23] = 0
xpMap.event[30][21] = 0

xpMap.callback = {}

function xpMap.callback.a() return true end
function xpMap.callback.b() return true end
function xpMap.callback.c() return true end
