local map = {}

map.backImage  = "pallet.png"
map.frontImage1 = "palletf1.png"

map.event = {}

for i = 1, 30 do
    map.event[i] = {}
end

map.event[6][20] = "u"
map.event[6][21] = "u"
map.event[6][22] = "u"
map.event[6][19] = "u"
map.event[6][23] = "u"
map.event[7][20] = 1
map.event[7][24] = 0
map.event[7][21] = 1
map.event[7][18] = 0
map.event[7][22] = 1
map.event[7][19] = 1
map.event[7][23] = 1
map.event[8][8] = 0
map.event[8][9] = 0
map.event[8][10] = 0
map.event[8][11] = 0
map.event[8][12] = 0
map.event[8][13] = 0
map.event[8][14] = 0
map.event[8][15] = 0
map.event[8][16] = 0
map.event[8][17] = 0
map.event[8][18] = 0
map.event[8][19] = 0
map.event[8][20] = 1
map.event[8][22] = 1
map.event[8][23] = 0
map.event[8][24] = 0
map.event[8][25] = 0
map.event[8][26] = 0
map.event[8][27] = 0
map.event[8][28] = 0
map.event[8][29] = 0
map.event[8][30] = 0
map.event[8][31] = 0
map.event[8][32] = 0
map.event[8][33] = 0
map.event[9][15] = 1
map.event[9][30] = 1
map.event[9][31] = 1
map.event[9][16] = 1
map.event[9][32] = 1
map.event[9][17] = 1
map.event[9][34] = 0
map.event[9][18] = 1
map.event[9][19] = 1
map.event[9][10] = 1
map.event[9][20] = 1
map.event[9][23] = 1
map.event[9][12] = 1
map.event[9][24] = 1
map.event[9][25] = 1
map.event[9][13] = 1
map.event[9][26] = 1
map.event[9][9] = 1
map.event[9][27] = 1
map.event[9][14] = 1
map.event[9][28] = 1
map.event[9][8] = 0
map.event[9][29] = 1
map.event[9][33] = 1
map.event[10][15] = 1
map.event[10][30] = 1
map.event[10][8] = 0
map.event[10][16] = 1
map.event[10][32] = 1
map.event[10][17] = 1
map.event[10][34] = 0
map.event[10][18] = 1
map.event[10][19] = 1
map.event[10][10] = 1
map.event[10][20] = 1
map.event[10][23] = 1
map.event[10][12] = 1
map.event[10][24] = 1
map.event[10][25] = 1
map.event[10][13] = 1
map.event[10][26] = 1
map.event[10][9] = 1
map.event[10][27] = 1
map.event[10][14] = 1
map.event[10][28] = 1
map.event[10][31] = 1
map.event[10][29] = 1
map.event[10][33] = 1
map.event[11][15] = 1
map.event[11][30] = 1
map.event[11][31] = 1
map.event[11][16] = 1
map.event[11][32] = 1
map.event[11][17] = 1
map.event[11][34] = 0
map.event[11][18] = 1
map.event[11][19] = 1
map.event[11][10] = 1
map.event[11][20] = 1
map.event[11][23] = 1
map.event[11][12] = 1
map.event[11][24] = 1
map.event[11][25] = 1
map.event[11][13] = 1
map.event[11][26] = 1
map.event[11][9] = 1
map.event[11][27] = 1
map.event[11][14] = 1
map.event[11][28] = 1
map.event[11][8] = 0
map.event[11][29] = 1
map.event[11][33] = 1
map.event[12][15] = 0
map.event[12][30] = 1
map.event[12][8] = 0
map.event[12][16] = 0
map.event[12][32] = 1
map.event[12][17] = 0
map.event[12][34] = 0
map.event[12][18] = 0
map.event[12][19] = 1
map.event[12][10] = 1
map.event[12][24] = 1
map.event[12][25] = 0
map.event[12][13] = 1
map.event[12][26] = 0
map.event[12][27] = 0
map.event[12][14] = 0
map.event[12][28] = 0
map.event[12][9] = 1
map.event[12][29] = 0
map.event[12][33] = 1
map.event[13][15] = 0
map.event[13][30] = 0
map.event[13][8] = 0
map.event[13][16] = 0
map.event[13][32] = 1
map.event[13][17] = 0
map.event[13][34] = 0
map.event[13][18] = 0
map.event[13][19] = 1
map.event[13][10] = 1
map.event[13][24] = 0
map.event[13][25] = 0
map.event[13][13] = 0
map.event[13][26] = 0
map.event[13][27] = 0
map.event[13][14] = 0
map.event[13][28] = 0
map.event[13][9] = 1
map.event[13][29] = 0
map.event[13][33] = 1
map.event[14][15] = "a"
map.event[14][30] = 1
map.event[14][8] = 0
map.event[14][16] = 0
map.event[14][32] = 1
map.event[14][17] = 0
map.event[14][34] = 0
map.event[14][18] = 0
map.event[14][19] = 1
map.event[14][10] = 1
map.event[14][24] = 0
map.event[14][25] = 0
map.event[14][13] = 0
map.event[14][26] = "b"
map.event[14][27] = 0
map.event[14][14] = 0
map.event[14][28] = 0
map.event[14][9] = 1
map.event[14][29] = 0
map.event[14][33] = 1
map.event[15][8] = 0
map.event[15][10] = 1
map.event[15][33] = 1
map.event[15][34] = 0
map.event[15][9] = 1
map.event[15][32] = 1
map.event[16][24] = 1
map.event[16][25] = 1
map.event[16][26] = 1
map.event[16][27] = 1
map.event[16][28] = 1
map.event[16][29] = 1
map.event[16][30] = 1
map.event[16][31] = 1
map.event[16][32] = 1
map.event[16][34] = 0
map.event[16][10] = 1
map.event[16][33] = 1
map.event[16][21] = 1
map.event[16][22] = 1
map.event[16][23] = 1
map.event[16][9] = 1
map.event[17][30] = 1
map.event[17][8] = 0
map.event[17][32] = 1
map.event[17][33] = 1
map.event[17][34] = 0
map.event[17][10] = 1
map.event[17][21] = 1
map.event[17][22] = 1
map.event[17][23] = 1
map.event[17][24] = 1
map.event[17][25] = 1
map.event[17][26] = 1
map.event[17][27] = 1
map.event[17][28] = 1
map.event[17][9] = 1
map.event[17][29] = 1
map.event[17][31] = 1
map.event[18][15] = 1
map.event[18][30] = 1
map.event[18][8] = 0
map.event[18][16] = 1
map.event[18][32] = 1
map.event[18][33] = 1
map.event[18][34] = 0
map.event[18][18] = 1
map.event[18][19] = 1
map.event[18][10] = 1
map.event[18][21] = 1
map.event[18][22] = 1
map.event[18][23] = 1
map.event[18][12] = 1
map.event[18][24] = 1
map.event[18][25] = 1
map.event[18][13] = 1
map.event[18][26] = 1
map.event[18][17] = 1
map.event[18][27] = 1
map.event[18][14] = 1
map.event[18][28] = 1
map.event[18][31] = 1
map.event[18][29] = 1
map.event[18][9] = 1
map.event[19][15] = 0
map.event[19][30] = 1
map.event[19][8] = 0
map.event[19][16] = 0
map.event[19][32] = 1
map.event[19][17] = 0
map.event[19][34] = 0
map.event[19][18] = 0
map.event[19][10] = 1
map.event[19][21] = 1
map.event[19][22] = 1
map.event[19][23] = 1
map.event[19][24] = 1
map.event[19][25] = 1
map.event[19][13] = 0
map.event[19][26] = 1
map.event[19][33] = 1
map.event[19][27] = 1
map.event[19][14] = 0
map.event[19][28] = 1
map.event[19][31] = 1
map.event[19][29] = 1
map.event[19][9] = 1
map.event[20][30] = 1
map.event[20][8] = 0
map.event[20][32] = 1
map.event[20][33] = 1
map.event[20][34] = 0
map.event[20][10] = 1
map.event[20][21] = 1
map.event[20][22] = 1
map.event[20][23] = 0
map.event[20][24] = 0
map.event[20][25] = 0
map.event[20][26] = 0
map.event[20][27] = 0
map.event[20][28] = 0
map.event[20][31] = 1
map.event[20][29] = 0
map.event[20][9] = 1
map.event[21][15] = 1
map.event[21][8] = 0
map.event[21][32] = 1
map.event[21][33] = 1
map.event[21][34] = 0
map.event[21][10] = 1
map.event[21][11] = 1
map.event[21][23] = 0
map.event[21][12] = 1
map.event[21][24] = 0
map.event[21][25] = 0
map.event[21][13] = 1
map.event[21][26] = 0
map.event[21][27] = 0
map.event[21][14] = 1
map.event[21][28] = 0
map.event[21][29] = 0
map.event[21][9] = 1
map.event[22][8] = 0
map.event[22][9] = 1
map.event[22][10] = 1
map.event[22][11] = 1
map.event[22][12] = 1
map.event[22][13] = 1
map.event[22][14] = 1
map.event[22][15] = 1
map.event[22][16] = 1
map.event[22][24] = 0
map.event[22][33] = 1
map.event[22][26] = "c"
map.event[22][27] = 0
map.event[22][28] = 0
map.event[22][29] = 0
map.event[22][32] = 1
map.event[22][34] = 0
map.event[22][23] = 0
map.event[22][25] = 0
map.event[23][33] = 1
map.event[23][14] = 0
map.event[23][15] = 1
map.event[23][31] = 1
map.event[23][9] = 0
map.event[23][34] = 0
map.event[23][10] = 0
map.event[23][32] = 1
map.event[23][11] = 0
map.event[23][13] = 0
map.event[23][12] = 0
map.event[23][16] = 1
map.event[24][33] = 1
map.event[24][15] = "w"
map.event[24][30] = 1
map.event[24][31] = 1
map.event[24][32] = 1
map.event[24][34] = 0
map.event[24][19] = "w"
map.event[24][16] = "w"
map.event[24][17] = "w"
map.event[24][18] = "w"
map.event[25][24] = 1
map.event[25][33] = 0
map.event[25][26] = 1
map.event[25][27] = 1
map.event[25][28] = 1
map.event[25][29] = 1
map.event[25][30] = 1
map.event[25][31] = 1
map.event[25][32] = 0
map.event[25][34] = 0
map.event[25][19] = "w"
map.event[25][22] = 1
map.event[25][23] = 1
map.event[25][25] = 1
map.event[26][24] = 0
map.event[26][25] = 0
map.event[26][26] = 0
map.event[26][27] = 0
map.event[26][28] = 0
map.event[26][29] = 0
map.event[26][30] = 1
map.event[26][31] = 1
map.event[26][32] = 0
map.event[26][19] = "w"
map.event[26][23] = 0
map.event[27][27] = 1
map.event[27][31] = 1
map.event[27][28] = 1
map.event[27][32] = 0
map.event[27][29] = 1
map.event[27][19] = "w"
map.event[27][30] = 1
map.event[28][27] = 1
map.event[28][31] = 1
map.event[28][28] = 1
map.event[28][32] = 0
map.event[28][29] = 1
map.event[28][19] = "w"
map.event[28][30] = 1
map.event[28][26] = 1
map.event[29][24] = 1
map.event[29][25] = 1
map.event[29][26] = 1
map.event[29][27] = 1
map.event[29][28] = 0
map.event[29][29] = 0
map.event[29][30] = 0
map.event[29][31] = 0
map.event[29][32] = 0
map.event[29][19] = "w"
map.event[29][20] = 1
map.event[29][21] = 1
map.event[29][22] = 1
map.event[29][23] = 1
map.event[30][24] = 0
map.event[30][25] = 0
map.event[30][26] = 0
map.event[30][27] = 0
map.event[30][19] = "w"
map.event[30][20] = 0
map.event[30][21] = 0
map.event[30][22] = 0
map.event[30][23] = 0

map.callback = {}

function map.callback.a() return true end
function map.callback.b() return true end
function map.callback.c() return true end

function map.callback.u()
    Map.Transition("pallet.map", "to north", { intY = 4, time = 2 })
end

function map.getName() return "Pallet Town" end

return map
